{
    "local - stats": {
        "content": [
            {
                "0": [
                    [
                        {
                            "id": "condition",
                            "alignment": "alignment"
                        },
                        "100"
                    ]
                ],
                "1": [
                    [
                        {
                            "id": "condition",
                            "alignment": "alignment"
                        },
                        "condition.stats.csv:md5,37eb2d1d5d7e98d3f07f50de5d51517e"
                    ]
                ],
                "2": [
                    [
                        {
                            "id": "condition",
                            "alignment": "alignment"
                        },
                        "condition.merged.stats:md5,b422cf77c168cb9ad06a0bedff24976d"
                    ]
                ],
                "3": [
                    "versions.yml:md5,e3a460bb48a8f31d432a6c3274a362af"
                ],
                "average": [
                    [
                        {
                            "id": "condition",
                            "alignment": "alignment"
                        },
                        "condition.stats.csv:md5,37eb2d1d5d7e98d3f07f50de5d51517e"
                    ]
                ],
                "merged": [
                    [
                        {
                            "id": "condition",
                            "alignment": "alignment"
                        },
                        "condition.merged.stats:md5,b422cf77c168cb9ad06a0bedff24976d"
                    ]
                ],
                "stats": [
                    [
                        {
                            "id": "condition",
                            "alignment": "alignment"
                        },
                        "100"
                    ]
                ],
                "versions": [
                    "versions.yml:md5,e3a460bb48a8f31d432a6c3274a362af"
                ]
            }
        ],
        "meta": {
            "nf-test": "0.9.3",
            "nextflow": "25.04.3"
        },
        "timestamp": "2025-11-26T12:34:37.947966"
    }
}