{
    "homo sapiens": {
        "content": [
            {
                "0": [
                    [
                        {
                            "id": "bed"
                        },
                        "genome.bed:md5,95522f3a7cd1d297a367abcc7432e1bf"
                    ]
                ],
                "1": [
                    "versions.yml:md5,1af737619d71a4da9b8b358b1c36405d"
                ],
                "bed": [
                    [
                        {
                            "id": "bed"
                        },
                        "genome.bed:md5,95522f3a7cd1d297a367abcc7432e1bf"
                    ]
                ],
                "versions": [
                    "versions.yml:md5,1af737619d71a4da9b8b358b1c36405d"
                ]
            }
        ],
        "meta": {
            "nf-test": "0.9.3",
            "nextflow": "25.10.2"
        },
        "timestamp": "2026-08-06T09:11:30.106574"
    }
}