{
    "success": {
        "content": [
            {
                "0": [
                    [
                        {
                            "id": "condition_1_vs_condition_2",
                            "alignment": "alignment"
                        },
                        [
                            "b1.txt:md5,d0bf18636285a71a8b0cd19b6c67626e",
                            "b2.txt:md5,9855fc1c5fc0e4e1b338545d0da14e65",
                            "condition_1_2025-11-25-21_05_18_744779_0.rmats:md5,2f395e8d6611c98cdd062ff7a124d7d4",
                            "condition_2_2025-11-25-21_05_18_069119_0.rmats:md5,fda21d38c500aa7aa741ff9b4cfff409",
                            "rmats.log:md5,b5f5552bbcbe19e63965844f9988047c"
                        ]
                    ]
                ],
                "1": [
                    [
                        "A3SS.MATS.JC.txt:md5,d9b719dab96a7f022e269a5e7bfc455d",
                        "A3SS.MATS.JCEC.txt:md5,d9b719dab96a7f022e269a5e7bfc455d",
                        "A5SS.MATS.JC.txt:md5,d9b719dab96a7f022e269a5e7bfc455d",
                        "A5SS.MATS.JCEC.txt:md5,d9b719dab96a7f022e269a5e7bfc455d",
                        "JC.raw.input.A3SS.txt:md5,8b364f39a3afa5f0f361ca2f6f84cdad",
                        "JC.raw.input.A5SS.txt:md5,8b364f39a3afa5f0f361ca2f6f84cdad",
                        "JC.raw.input.MXE.txt:md5,8b364f39a3afa5f0f361ca2f6f84cdad",
                        "JC.raw.input.RI.txt:md5,8b364f39a3afa5f0f361ca2f6f84cdad",
                        "JC.raw.input.SE.txt:md5,8b364f39a3afa5f0f361ca2f6f84cdad",
                        "JCEC.raw.input.A3SS.txt:md5,8b364f39a3afa5f0f361ca2f6f84cdad",
                        "JCEC.raw.input.A5SS.txt:md5,8b364f39a3afa5f0f361ca2f6f84cdad",
                        "JCEC.raw.input.MXE.txt:md5,8b364f39a3afa5f0f361ca2f6f84cdad",
                        "JCEC.raw.input.RI.txt:md5,8b364f39a3afa5f0f361ca2f6f84cdad",
                        "JCEC.raw.input.SE.txt:md5,8b364f39a3afa5f0f361ca2f6f84cdad",
                        "MXE.MATS.JC.txt:md5,eedafa7333e7b6cced0023e2dbcd6995",
                        "MXE.MATS.JCEC.txt:md5,eedafa7333e7b6cced0023e2dbcd6995",
                        "RI.MATS.JC.txt:md5,ad85867b8b92bbe6451d2c56f4a298e5",
                        "RI.MATS.JCEC.txt:md5,ad85867b8b92bbe6451d2c56f4a298e5",
                        "SE.MATS.JC.txt:md5,73205f8e2b670e7b1ffab8de918dd304",
                        "SE.MATS.JCEC.txt:md5,73205f8e2b670e7b1ffab8de918dd304",
                        "fromGTF.A3SS.txt:md5,f760b66749d1e42595b50c689583ac7c",
                        "fromGTF.A5SS.txt:md5,f760b66749d1e42595b50c689583ac7c",
                        "fromGTF.MXE.txt:md5,0c41e04b81f335801f85af04ef0ae3e3",
                        "fromGTF.RI.txt:md5,5014acbbac2bd06d27e322bccf7499f7",
                        "fromGTF.SE.txt:md5,bfb5abe47d6cfc54f7209ca921bf58b4",
                        "fromGTF.novelJunction.A3SS.txt:md5,f760b66749d1e42595b50c689583ac7c",
                        "fromGTF.novelJunction.A5SS.txt:md5,f760b66749d1e42595b50c689583ac7c",
                        "fromGTF.novelJunction.MXE.txt:md5,0c41e04b81f335801f85af04ef0ae3e3",
                        "fromGTF.novelJunction.RI.txt:md5,5014acbbac2bd06d27e322bccf7499f7",
                        "fromGTF.novelJunction.SE.txt:md5,bfb5abe47d6cfc54f7209ca921bf58b4",
                        "fromGTF.novelSpliceSite.A3SS.txt:md5,f760b66749d1e42595b50c689583ac7c",
                        "fromGTF.novelSpliceSite.A5SS.txt:md5,f760b66749d1e42595b50c689583ac7c",
                        "fromGTF.novelSpliceSite.MXE.txt:md5,0c41e04b81f335801f85af04ef0ae3e3",
                        "fromGTF.novelSpliceSite.RI.txt:md5,5014acbbac2bd06d27e322bccf7499f7",
                        "fromGTF.novelSpliceSite.SE.txt:md5,bfb5abe47d6cfc54f7209ca921bf58b4",
                        "summary.txt:md5,71e0f46247638c722006269ceb8fef05",
                        [
                            [
                                "rMATS_result_.txt:md5,22165bcf4a9fa2778bf0f38471aa97c7",
                                "rMATS_result_FDR.txt:md5,c9c3e4962f3b5909e1dea2eda233417a",
                                "rMATS_result_I-L.txt:md5,7cdcc4efa8660e3f0796e4579a313a2a",
                                "rMATS_result_ID.txt:md5,7235c87511b978ef95e768196707e26d",
                                "rMATS_result_INP.txt:md5,cd9bcb25cebad2a8bc823dd534587c93",
                                "rMATS_result_P-V.txt:md5,80e719175f2478b252599b9780ae767a"
                            ],
                            [
                                "rMATS_result_.txt:md5,22165bcf4a9fa2778bf0f38471aa97c7",
                                "rMATS_result_FDR.txt:md5,c9c3e4962f3b5909e1dea2eda233417a",
                                "rMATS_result_I-L.txt:md5,7cdcc4efa8660e3f0796e4579a313a2a",
                                "rMATS_result_ID.txt:md5,7235c87511b978ef95e768196707e26d",
                                "rMATS_result_INP.txt:md5,cd9bcb25cebad2a8bc823dd534587c93",
                                "rMATS_result_P-V.txt:md5,80e719175f2478b252599b9780ae767a"
                            ],
                            [
                                "rMATS_result_.txt:md5,22165bcf4a9fa2778bf0f38471aa97c7",
                                "rMATS_result_FDR.txt:md5,c9c3e4962f3b5909e1dea2eda233417a",
                                "rMATS_result_I-L.txt:md5,7cdcc4efa8660e3f0796e4579a313a2a",
                                "rMATS_result_ID.txt:md5,7235c87511b978ef95e768196707e26d",
                                "rMATS_result_INP.txt:md5,cd9bcb25cebad2a8bc823dd534587c93",
                                "rMATS_result_P-V.txt:md5,80e719175f2478b252599b9780ae767a"
                            ],
                            [
                                "rMATS_result_.txt:md5,22165bcf4a9fa2778bf0f38471aa97c7",
                                "rMATS_result_FDR.txt:md5,c9c3e4962f3b5909e1dea2eda233417a",
                                "rMATS_result_I-L.txt:md5,7cdcc4efa8660e3f0796e4579a313a2a",
                                "rMATS_result_ID.txt:md5,7235c87511b978ef95e768196707e26d",
                                "rMATS_result_INP.txt:md5,cd9bcb25cebad2a8bc823dd534587c93",
                                "rMATS_result_P-V.txt:md5,80e719175f2478b252599b9780ae767a"
                            ],
                            [
                                "rMATS_result_.txt:md5,22165bcf4a9fa2778bf0f38471aa97c7",
                                "rMATS_result_FDR.txt:md5,c9c3e4962f3b5909e1dea2eda233417a",
                                "rMATS_result_I-L.txt:md5,7cdcc4efa8660e3f0796e4579a313a2a",
                                "rMATS_result_ID.txt:md5,7235c87511b978ef95e768196707e26d",
                                "rMATS_result_INP.txt:md5,cd9bcb25cebad2a8bc823dd534587c93",
                                "rMATS_result_P-V.txt:md5,80e719175f2478b252599b9780ae767a"
                            ],
                            [
                                "rMATS_result_.txt:md5,22165bcf4a9fa2778bf0f38471aa97c7",
                                "rMATS_result_FDR.txt:md5,c9c3e4962f3b5909e1dea2eda233417a",
                                "rMATS_result_I-L.txt:md5,7cdcc4efa8660e3f0796e4579a313a2a",
                                "rMATS_result_ID.txt:md5,7235c87511b978ef95e768196707e26d",
                                "rMATS_result_INP.txt:md5,cd9bcb25cebad2a8bc823dd534587c93",
                                "rMATS_result_P-V.txt:md5,80e719175f2478b252599b9780ae767a"
                            ],
                            [
                                "rMATS_result_.txt:md5,22165bcf4a9fa2778bf0f38471aa97c7",
                                "rMATS_result_FDR.txt:md5,c9c3e4962f3b5909e1dea2eda233417a",
                                "rMATS_result_I-L.txt:md5,7cdcc4efa8660e3f0796e4579a313a2a",
                                "rMATS_result_ID.txt:md5,7235c87511b978ef95e768196707e26d",
                                "rMATS_result_INP.txt:md5,cd9bcb25cebad2a8bc823dd534587c93",
                                "rMATS_result_P-V.txt:md5,80e719175f2478b252599b9780ae767a"
                            ],
                            [
                                "rMATS_result_.txt:md5,22165bcf4a9fa2778bf0f38471aa97c7",
                                "rMATS_result_FDR.txt:md5,c9c3e4962f3b5909e1dea2eda233417a",
                                "rMATS_result_I-L.txt:md5,7cdcc4efa8660e3f0796e4579a313a2a",
                                "rMATS_result_ID.txt:md5,7235c87511b978ef95e768196707e26d",
                                "rMATS_result_INP.txt:md5,cd9bcb25cebad2a8bc823dd534587c93",
                                "rMATS_result_P-V.txt:md5,80e719175f2478b252599b9780ae767a"
                            ],
                            [
                                "rMATS_result_.txt:md5,22165bcf4a9fa2778bf0f38471aa97c7",
                                "rMATS_result_FDR.txt:md5,c9c3e4962f3b5909e1dea2eda233417a",
                                "rMATS_result_I-L.txt:md5,7cdcc4efa8660e3f0796e4579a313a2a",
                                "rMATS_result_ID.txt:md5,7235c87511b978ef95e768196707e26d",
                                "rMATS_result_INP.txt:md5,cd9bcb25cebad2a8bc823dd534587c93",
                                "rMATS_result_P-V.txt:md5,80e719175f2478b252599b9780ae767a"
                            ],
                            [
                                "rMATS_result_.txt:md5,22165bcf4a9fa2778bf0f38471aa97c7",
                                "rMATS_result_FDR.txt:md5,c9c3e4962f3b5909e1dea2eda233417a",
                                "rMATS_result_I-L.txt:md5,7cdcc4efa8660e3f0796e4579a313a2a",
                                "rMATS_result_ID.txt:md5,7235c87511b978ef95e768196707e26d",
                                "rMATS_result_INP.txt:md5,cd9bcb25cebad2a8bc823dd534587c93",
                                "rMATS_result_P-V.txt:md5,80e719175f2478b252599b9780ae767a"
                            ]
                        ]
                    ]
                ],
                "2": [
                    "versions.yml:md5,e9ceeb80fa162876959b028b7e83c6c7"
                ],
                "out": [
                    [
                        "A3SS.MATS.JC.txt:md5,d9b719dab96a7f022e269a5e7bfc455d",
                        "A3SS.MATS.JCEC.txt:md5,d9b719dab96a7f022e269a5e7bfc455d",
                        "A5SS.MATS.JC.txt:md5,d9b719dab96a7f022e269a5e7bfc455d",
                        "A5SS.MATS.JCEC.txt:md5,d9b719dab96a7f022e269a5e7bfc455d",
                        "JC.raw.input.A3SS.txt:md5,8b364f39a3afa5f0f361ca2f6f84cdad",
                        "JC.raw.input.A5SS.txt:md5,8b364f39a3afa5f0f361ca2f6f84cdad",
                        "JC.raw.input.MXE.txt:md5,8b364f39a3afa5f0f361ca2f6f84cdad",
                        "JC.raw.input.RI.txt:md5,8b364f39a3afa5f0f361ca2f6f84cdad",
                        "JC.raw.input.SE.txt:md5,8b364f39a3afa5f0f361ca2f6f84cdad",
                        "JCEC.raw.input.A3SS.txt:md5,8b364f39a3afa5f0f361ca2f6f84cdad",
                        "JCEC.raw.input.A5SS.txt:md5,8b364f39a3afa5f0f361ca2f6f84cdad",
                        "JCEC.raw.input.MXE.txt:md5,8b364f39a3afa5f0f361ca2f6f84cdad",
                        "JCEC.raw.input.RI.txt:md5,8b364f39a3afa5f0f361ca2f6f84cdad",
                        "JCEC.raw.input.SE.txt:md5,8b364f39a3afa5f0f361ca2f6f84cdad",
                        "MXE.MATS.JC.txt:md5,eedafa7333e7b6cced0023e2dbcd6995",
                        "MXE.MATS.JCEC.txt:md5,eedafa7333e7b6cced0023e2dbcd6995",
                        "RI.MATS.JC.txt:md5,ad85867b8b92bbe6451d2c56f4a298e5",
                        "RI.MATS.JCEC.txt:md5,ad85867b8b92bbe6451d2c56f4a298e5",
                        "SE.MATS.JC.txt:md5,73205f8e2b670e7b1ffab8de918dd304",
                        "SE.MATS.JCEC.txt:md5,73205f8e2b670e7b1ffab8de918dd304",
                        "fromGTF.A3SS.txt:md5,f760b66749d1e42595b50c689583ac7c",
                        "fromGTF.A5SS.txt:md5,f760b66749d1e42595b50c689583ac7c",
                        "fromGTF.MXE.txt:md5,0c41e04b81f335801f85af04ef0ae3e3",
                        "fromGTF.RI.txt:md5,5014acbbac2bd06d27e322bccf7499f7",
                        "fromGTF.SE.txt:md5,bfb5abe47d6cfc54f7209ca921bf58b4",
                        "fromGTF.novelJunction.A3SS.txt:md5,f760b66749d1e42595b50c689583ac7c",
                        "fromGTF.novelJunction.A5SS.txt:md5,f760b66749d1e42595b50c689583ac7c",
                        "fromGTF.novelJunction.MXE.txt:md5,0c41e04b81f335801f85af04ef0ae3e3",
                        "fromGTF.novelJunction.RI.txt:md5,5014acbbac2bd06d27e322bccf7499f7",
                        "fromGTF.novelJunction.SE.txt:md5,bfb5abe47d6cfc54f7209ca921bf58b4",
                        "fromGTF.novelSpliceSite.A3SS.txt:md5,f760b66749d1e42595b50c689583ac7c",
                        "fromGTF.novelSpliceSite.A5SS.txt:md5,f760b66749d1e42595b50c689583ac7c",
                        "fromGTF.novelSpliceSite.MXE.txt:md5,0c41e04b81f335801f85af04ef0ae3e3",
                        "fromGTF.novelSpliceSite.RI.txt:md5,5014acbbac2bd06d27e322bccf7499f7",
                        "fromGTF.novelSpliceSite.SE.txt:md5,bfb5abe47d6cfc54f7209ca921bf58b4",
                        "summary.txt:md5,71e0f46247638c722006269ceb8fef05",
                        [
                            [
                                "rMATS_result_.txt:md5,22165bcf4a9fa2778bf0f38471aa97c7",
                                "rMATS_result_FDR.txt:md5,c9c3e4962f3b5909e1dea2eda233417a",
                                "rMATS_result_I-L.txt:md5,7cdcc4efa8660e3f0796e4579a313a2a",
                                "rMATS_result_ID.txt:md5,7235c87511b978ef95e768196707e26d",
                                "rMATS_result_INP.txt:md5,cd9bcb25cebad2a8bc823dd534587c93",
                                "rMATS_result_P-V.txt:md5,80e719175f2478b252599b9780ae767a"
                            ],
                            [
                                "rMATS_result_.txt:md5,22165bcf4a9fa2778bf0f38471aa97c7",
                                "rMATS_result_FDR.txt:md5,c9c3e4962f3b5909e1dea2eda233417a",
                                "rMATS_result_I-L.txt:md5,7cdcc4efa8660e3f0796e4579a313a2a",
                                "rMATS_result_ID.txt:md5,7235c87511b978ef95e768196707e26d",
                                "rMATS_result_INP.txt:md5,cd9bcb25cebad2a8bc823dd534587c93",
                                "rMATS_result_P-V.txt:md5,80e719175f2478b252599b9780ae767a"
                            ],
                            [
                                "rMATS_result_.txt:md5,22165bcf4a9fa2778bf0f38471aa97c7",
                                "rMATS_result_FDR.txt:md5,c9c3e4962f3b5909e1dea2eda233417a",
                                "rMATS_result_I-L.txt:md5,7cdcc4efa8660e3f0796e4579a313a2a",
                                "rMATS_result_ID.txt:md5,7235c87511b978ef95e768196707e26d",
                                "rMATS_result_INP.txt:md5,cd9bcb25cebad2a8bc823dd534587c93",
                                "rMATS_result_P-V.txt:md5,80e719175f2478b252599b9780ae767a"
                            ],
                            [
                                "rMATS_result_.txt:md5,22165bcf4a9fa2778bf0f38471aa97c7",
                                "rMATS_result_FDR.txt:md5,c9c3e4962f3b5909e1dea2eda233417a",
                                "rMATS_result_I-L.txt:md5,7cdcc4efa8660e3f0796e4579a313a2a",
                                "rMATS_result_ID.txt:md5,7235c87511b978ef95e768196707e26d",
                                "rMATS_result_INP.txt:md5,cd9bcb25cebad2a8bc823dd534587c93",
                                "rMATS_result_P-V.txt:md5,80e719175f2478b252599b9780ae767a"
                            ],
                            [
                                "rMATS_result_.txt:md5,22165bcf4a9fa2778bf0f38471aa97c7",
                                "rMATS_result_FDR.txt:md5,c9c3e4962f3b5909e1dea2eda233417a",
                                "rMATS_result_I-L.txt:md5,7cdcc4efa8660e3f0796e4579a313a2a",
                                "rMATS_result_ID.txt:md5,7235c87511b978ef95e768196707e26d",
                                "rMATS_result_INP.txt:md5,cd9bcb25cebad2a8bc823dd534587c93",
                                "rMATS_result_P-V.txt:md5,80e719175f2478b252599b9780ae767a"
                            ],
                            [
                                "rMATS_result_.txt:md5,22165bcf4a9fa2778bf0f38471aa97c7",
                                "rMATS_result_FDR.txt:md5,c9c3e4962f3b5909e1dea2eda233417a",
                                "rMATS_result_I-L.txt:md5,7cdcc4efa8660e3f0796e4579a313a2a",
                                "rMATS_result_ID.txt:md5,7235c87511b978ef95e768196707e26d",
                                "rMATS_result_INP.txt:md5,cd9bcb25cebad2a8bc823dd534587c93",
                                "rMATS_result_P-V.txt:md5,80e719175f2478b252599b9780ae767a"
                            ],
                            [
                                "rMATS_result_.txt:md5,22165bcf4a9fa2778bf0f38471aa97c7",
                                "rMATS_result_FDR.txt:md5,c9c3e4962f3b5909e1dea2eda233417a",
                                "rMATS_result_I-L.txt:md5,7cdcc4efa8660e3f0796e4579a313a2a",
                                "rMATS_result_ID.txt:md5,7235c87511b978ef95e768196707e26d",
                                "rMATS_result_INP.txt:md5,cd9bcb25cebad2a8bc823dd534587c93",
                                "rMATS_result_P-V.txt:md5,80e719175f2478b252599b9780ae767a"
                            ],
                            [
                                "rMATS_result_.txt:md5,22165bcf4a9fa2778bf0f38471aa97c7",
                                "rMATS_result_FDR.txt:md5,c9c3e4962f3b5909e1dea2eda233417a",
                                "rMATS_result_I-L.txt:md5,7cdcc4efa8660e3f0796e4579a313a2a",
                                "rMATS_result_ID.txt:md5,7235c87511b978ef95e768196707e26d",
                                "rMATS_result_INP.txt:md5,cd9bcb25cebad2a8bc823dd534587c93",
                                "rMATS_result_P-V.txt:md5,80e719175f2478b252599b9780ae767a"
                            ],
                            [
                                "rMATS_result_.txt:md5,22165bcf4a9fa2778bf0f38471aa97c7",
                                "rMATS_result_FDR.txt:md5,c9c3e4962f3b5909e1dea2eda233417a",
                                "rMATS_result_I-L.txt:md5,7cdcc4efa8660e3f0796e4579a313a2a",
                                "rMATS_result_ID.txt:md5,7235c87511b978ef95e768196707e26d",
                                "rMATS_result_INP.txt:md5,cd9bcb25cebad2a8bc823dd534587c93",
                                "rMATS_result_P-V.txt:md5,80e719175f2478b252599b9780ae767a"
                            ],
                            [
                                "rMATS_result_.txt:md5,22165bcf4a9fa2778bf0f38471aa97c7",
                                "rMATS_result_FDR.txt:md5,c9c3e4962f3b5909e1dea2eda233417a",
                                "rMATS_result_I-L.txt:md5,7cdcc4efa8660e3f0796e4579a313a2a",
                                "rMATS_result_ID.txt:md5,7235c87511b978ef95e768196707e26d",
                                "rMATS_result_INP.txt:md5,cd9bcb25cebad2a8bc823dd534587c93",
                                "rMATS_result_P-V.txt:md5,80e719175f2478b252599b9780ae767a"
                            ]
                        ]
                    ]
                ],
                "tmp": [
                    [
                        {
                            "id": "condition_1_vs_condition_2",
                            "alignment": "alignment"
                        },
                        [
                            "b1.txt:md5,d0bf18636285a71a8b0cd19b6c67626e",
                            "b2.txt:md5,9855fc1c5fc0e4e1b338545d0da14e65",
                            "condition_1_2025-11-25-21_05_18_744779_0.rmats:md5,2f395e8d6611c98cdd062ff7a124d7d4",
                            "condition_2_2025-11-25-21_05_18_069119_0.rmats:md5,fda21d38c500aa7aa741ff9b4cfff409",
                            "rmats.log:md5,b5f5552bbcbe19e63965844f9988047c"
                        ]
                    ]
                ],
                "versions": [
                    "versions.yml:md5,e9ceeb80fa162876959b028b7e83c6c7"
                ]
            }
        ],
        "meta": {
            "nf-test": "0.9.3",
            "nextflow": "25.04.3"
        },
        "timestamp": "2025-11-25T22:05:37.590377"
    }
}