{
    "group_gtf_by_align": {
        "content": [
            {
                "0": [
                    {
                        "alignment": "align-1",
                        "gtf": [
                            "gtf-1",
                            "gtf-2",
                            "gtf-3"
                        ]
                    },
                    {
                        "alignment": "align-2",
                        "gtf": [
                            "gtf-4",
                            "gtf-5",
                            "gtf-6"
                        ]
                    }
                ],
                "ch_gtf_by_align": [
                    {
                        "alignment": "align-1",
                        "gtf": [
                            "gtf-1",
                            "gtf-2",
                            "gtf-3"
                        ]
                    },
                    {
                        "alignment": "align-2",
                        "gtf": [
                            "gtf-4",
                            "gtf-5",
                            "gtf-6"
                        ]
                    }
                ]
            }
        ],
        "meta": {
            "nf-test": "0.9.3",
            "nextflow": "25.10.2"
        },
        "timestamp": "2025-12-18T15:59:42.369221"
    }
}