{
    "group_fastp_by_exp_cond_end - single end false": {
        "content": [
            {
                "0": [
                    {
                        "condition": "cond-1",
                        "experiment": "exp-1",
                        "fastp": [
                            "fastp-1-1",
                            "fastp-2-1",
                            "fastp-1-2",
                            "fastp-2-2"
                        ],
                        "single_end": false
                    },
                    {
                        "condition": "cond-2",
                        "experiment": "exp-2",
                        "fastp": [
                            "fastp-1-3",
                            "fastp-2-3",
                            "fastp-1-4",
                            "fastp-2-4"
                        ],
                        "single_end": false
                    }
                ],
                "ch_out": [
                    {
                        "condition": "cond-1",
                        "experiment": "exp-1",
                        "fastp": [
                            "fastp-1-1",
                            "fastp-2-1",
                            "fastp-1-2",
                            "fastp-2-2"
                        ],
                        "single_end": false
                    },
                    {
                        "condition": "cond-2",
                        "experiment": "exp-2",
                        "fastp": [
                            "fastp-1-3",
                            "fastp-2-3",
                            "fastp-1-4",
                            "fastp-2-4"
                        ],
                        "single_end": false
                    }
                ]
            }
        ],
        "timestamp": "2026-01-05T12:26:34.180458",
        "meta": {
            "nf-test": "0.9.3",
            "nextflow": "25.10.2"
        }
    },
    "group_fastp_by_exp_cond_end - single end true": {
        "content": [
            {
                "0": [
                    {
                        "condition": "cond-1",
                        "experiment": "exp-1",
                        "fastp": [
                            "fastp-1",
                            "fastp-2"
                        ],
                        "single_end": true
                    },
                    {
                        "condition": "cond-2",
                        "experiment": "exp-2",
                        "fastp": [
                            "fastp-3",
                            "fastp-4"
                        ],
                        "single_end": true
                    }
                ],
                "ch_out": [
                    {
                        "condition": "cond-1",
                        "experiment": "exp-1",
                        "fastp": [
                            "fastp-1",
                            "fastp-2"
                        ],
                        "single_end": true
                    },
                    {
                        "condition": "cond-2",
                        "experiment": "exp-2",
                        "fastp": [
                            "fastp-3",
                            "fastp-4"
                        ],
                        "single_end": true
                    }
                ]
            }
        ],
        "timestamp": "2026-01-05T12:26:29.824249",
        "meta": {
            "nf-test": "0.9.3",
            "nextflow": "25.10.2"
        }
    }
}