{
    "group_bam_by_cond": {
        "content": [
            {
                "0": [
                    {
                        "bam": [
                            "bam-1",
                            "bam-2"
                        ],
                        "condition": "cond-1"
                    },
                    {
                        "bam": [
                            "bam-3",
                            "bam-4"
                        ],
                        "condition": "cond-2"
                    }
                ],
                "ch_out": [
                    {
                        "bam": [
                            "bam-1",
                            "bam-2"
                        ],
                        "condition": "cond-1"
                    },
                    {
                        "bam": [
                            "bam-3",
                            "bam-4"
                        ],
                        "condition": "cond-2"
                    }
                ]
            }
        ],
        "timestamp": "2026-09-20T14:01:22.520191",
        "meta": {
            "nf-test": "0.9.5",
            "nextflow": "26.04.6"
        }
    }
}