{
    "group_gtf": {
        "content": [
            {
                "0": [
                    {
                        "gtf": [
                            "gtf-1",
                            "gtf-2",
                            "gtf-3",
                            "gtf-4",
                            "gtf-5",
                            "gtf-6"
                        ]
                    }
                ],
                "ch_out": [
                    {
                        "gtf": [
                            "gtf-1",
                            "gtf-2",
                            "gtf-3",
                            "gtf-4",
                            "gtf-5",
                            "gtf-6"
                        ]
                    }
                ]
            }
        ],
        "timestamp": "2026-09-20T14:01:35.42016",
        "meta": {
            "nf-test": "0.9.5",
            "nextflow": "26.04.6"
        }
    }
}