{
    "group_stats": {
        "content": [
            {
                "0": [
                    {
                        "stats": [
                            "stats-1",
                            "stats-2",
                            "stats-3",
                            "stats-4",
                            "stats-5",
                            "stats-6"
                        ]
                    }
                ],
                "ch_out": [
                    {
                        "stats": [
                            "stats-1",
                            "stats-2",
                            "stats-3",
                            "stats-4",
                            "stats-5",
                            "stats-6"
                        ]
                    }
                ]
            }
        ],
        "meta": {
            "nf-test": "0.9.3",
            "nextflow": "25.10.2"
        },
        "timestamp": "2026-05-05T13:53:13.119356"
    }
}