{
    "group_fastp_by_exp_cond_end - single end true": {
        "content": [
            {
                "0": [
                    {
                        "condition": "cond-1",
                        "experiment": "exp-1",
                        "fastp": [
                            "fastp-1",
                            "fastp-2"
                        ],
                        "single_end": true
                    },
                    {
                        "condition": "cond-2",
                        "experiment": "exp-2",
                        "fastp": [
                            "fastp-3",
                            "fastp-4"
                        ],
                        "single_end": true
                    }
                ],
                "out": [
                    {
                        "condition": "cond-1",
                        "experiment": "exp-1",
                        "fastp": [
                            "fastp-1",
                            "fastp-2"
                        ],
                        "single_end": true
                    },
                    {
                        "condition": "cond-2",
                        "experiment": "exp-2",
                        "fastp": [
                            "fastp-3",
                            "fastp-4"
                        ],
                        "single_end": true
                    }
                ]
            }
        ],
        "timestamp": "2026-09-22T23:51:29.955383",
        "meta": {
            "nf-test": "0.9.5",
            "nextflow": "26.04.6"
        }
    }
}