{
    "group_gtf": {
        "content": [
            {
                "0": [
                    {
                        "gtf": [
                            "gtf-1",
                            "gtf-2",
                            "gtf-3",
                            "gtf-4",
                            "gtf-5",
                            "gtf-6"
                        ]
                    }
                ],
                "ch_out": [
                    {
                        "gtf": [
                            "gtf-1",
                            "gtf-2",
                            "gtf-3",
                            "gtf-4",
                            "gtf-5",
                            "gtf-6"
                        ]
                    }
                ]
            }
        ],
        "meta": {
            "nf-test": "0.9.3",
            "nextflow": "25.10.2"
        },
        "timestamp": "2026-05-05T13:54:16.942277"
    }
}