{
    "group_fastp_by_exp_cond_end - single end false": {
        "content": [
            {
                "0": [
                    {
                        "condition": "cond-1",
                        "experiment": "exp-1",
                        "fastp": [
                            "fastp-1-1",
                            "fastp-2-1",
                            "fastp-1-2",
                            "fastp-2-2"
                        ],
                        "single_end": false
                    },
                    {
                        "condition": "cond-2",
                        "experiment": "exp-2",
                        "fastp": [
                            "fastp-1-3",
                            "fastp-2-3",
                            "fastp-1-4",
                            "fastp-2-4"
                        ],
                        "single_end": false
                    }
                ],
                "out": [
                    {
                        "condition": "cond-1",
                        "experiment": "exp-1",
                        "fastp": [
                            "fastp-1-1",
                            "fastp-2-1",
                            "fastp-1-2",
                            "fastp-2-2"
                        ],
                        "single_end": false
                    },
                    {
                        "condition": "cond-2",
                        "experiment": "exp-2",
                        "fastp": [
                            "fastp-1-3",
                            "fastp-2-3",
                            "fastp-1-4",
                            "fastp-2-4"
                        ],
                        "single_end": false
                    }
                ]
            }
        ],
        "timestamp": "2026-09-22T23:51:33.902455",
        "meta": {
            "nf-test": "0.9.5",
            "nextflow": "26.04.6"
        }
    }
}