{
    "group_spl_by_alignment": {
        "content": [
            {
                "0": [
                    {
                        "alignment": "align-1",
                        "spl": [
                            "spl-1",
                            "spl-2"
                        ]
                    },
                    {
                        "alignment": "align-2",
                        "spl": [
                            "spl-3",
                            "spl-4"
                        ]
                    }
                ],
                "ch_out": [
                    {
                        "alignment": "align-1",
                        "spl": [
                            "spl-1",
                            "spl-2"
                        ]
                    },
                    {
                        "alignment": "align-2",
                        "spl": [
                            "spl-3",
                            "spl-4"
                        ]
                    }
                ]
            }
        ],
        "timestamp": "2026-05-13T00:12:27.868863",
        "meta": {
            "nf-test": "0.9.3",
            "nextflow": "25.10.2"
        }
    }
}