{
    "join_by_exp": {
        "content": [
            {
                "0": [
                    {
                        "bam": "bam-1",
                        "condition": "cond-1",
                        "experiment": "exp-1",
                        "fastp": [
                            "fastp-1",
                            "fastp-2"
                        ],
                        "run": "run-1",
                        "spl": "spl-1"
                    },
                    {
                        "bam": "bam-2",
                        "condition": "cond-1",
                        "experiment": "exp-2",
                        "fastp": [
                            "fastp-3",
                            "fastp-4"
                        ],
                        "run": "run-2",
                        "spl": "spl-2"
                    }
                ],
                "out": [
                    {
                        "bam": "bam-1",
                        "condition": "cond-1",
                        "experiment": "exp-1",
                        "fastp": [
                            "fastp-1",
                            "fastp-2"
                        ],
                        "run": "run-1",
                        "spl": "spl-1"
                    },
                    {
                        "bam": "bam-2",
                        "condition": "cond-1",
                        "experiment": "exp-2",
                        "fastp": [
                            "fastp-3",
                            "fastp-4"
                        ],
                        "run": "run-2",
                        "spl": "spl-2"
                    }
                ]
            }
        ],
        "timestamp": "2026-09-22T23:51:53.414244",
        "meta": {
            "nf-test": "0.9.5",
            "nextflow": "26.04.6"
        }
    }
}