{
    "reduce_strandedness_by_cond": {
        "content": [
            {
                "0": [
                    {
                        "alias": "alias-1",
                        "condition": "cond-1",
                        "sequencing": "seq-1",
                        "strandedness": "strand-1"
                    },
                    {
                        "alias": "alias-2",
                        "condition": "cond-2",
                        "sequencing": "seq-2",
                        "strandedness": "strand-2"
                    },
                    {
                        "alias": "alias-3",
                        "condition": "cond-3",
                        "sequencing": "seq-3",
                        "strandedness": "strand-3"
                    }
                ],
                "ch_out": [
                    {
                        "alias": "alias-1",
                        "condition": "cond-1",
                        "sequencing": "seq-1",
                        "strandedness": "strand-1"
                    },
                    {
                        "alias": "alias-2",
                        "condition": "cond-2",
                        "sequencing": "seq-2",
                        "strandedness": "strand-2"
                    },
                    {
                        "alias": "alias-3",
                        "condition": "cond-3",
                        "sequencing": "seq-3",
                        "strandedness": "strand-3"
                    }
                ]
            }
        ],
        "meta": {
            "nf-test": "0.9.3",
            "nextflow": "25.10.2"
        },
        "timestamp": "2026-05-05T13:52:31.445793"
    }
}