{
    "reduce_strandedness_by_cond_align": {
        "content": [
            {
                "0": [
                    {
                        "alias": "alias",
                        "alignment": "align",
                        "condition": "cond-1",
                        "sequencing": "seq",
                        "strandedness": "strand"
                    },
                    {
                        "alias": "alias",
                        "alignment": "align",
                        "condition": "cond-2",
                        "sequencing": "seq",
                        "strandedness": "strand"
                    }
                ],
                "ch_out": [
                    {
                        "alias": "alias",
                        "alignment": "align",
                        "condition": "cond-1",
                        "sequencing": "seq",
                        "strandedness": "strand"
                    },
                    {
                        "alias": "alias",
                        "alignment": "align",
                        "condition": "cond-2",
                        "sequencing": "seq",
                        "strandedness": "strand"
                    }
                ]
            }
        ],
        "meta": {
            "nf-test": "0.9.3",
            "nextflow": "25.10.2"
        },
        "timestamp": "2025-12-18T18:11:02.997776"
    }
}