{
    "sarscov2 - gtf": {
        "content": [
            {
                "0": [
                    "genome.gtf.clean.gtf:md5,bc93a6d5d7b28e6403fbac62fbacf325"
                ],
                "1": [
                    "versions.yml:md5,0a81720ee745e69a46baacd2bf26774d"
                ],
                "gtf_clean": [
                    "genome.gtf.clean.gtf:md5,bc93a6d5d7b28e6403fbac62fbacf325"
                ],
                "versions": [
                    "versions.yml:md5,0a81720ee745e69a46baacd2bf26774d"
                ]
            }
        ],
        "timestamp": "2026-09-20T14:01:09.713973",
        "meta": {
            "nf-test": "0.9.5",
            "nextflow": "26.04.6"
        }
    }
}