{
    "success": {
        "content": [
            {
                "0": [
                    [
                        {
                            "id": "condition",
                            "alignment": "alignment"
                        },
                        [
                            "2025-11-25-20_43_30_354688_read_outcomes_by_bam.txt:md5,19695d346f19bc2516c53538f7def9ea",
                            "b1.txt:md5,9855fc1c5fc0e4e1b338545d0da14e65",
                            "condition_2025-11-25-20_43_30_354688_0.rmats:md5,fda21d38c500aa7aa741ff9b4cfff409",
                            "rmats.log:md5,3e996d7a6628fcf8d6caf6fb3302957f"
                        ]
                    ]
                ],
                "1": [
                    "versions.yml:md5,42d2e92287754f8178de34dc4e61c126"
                ],
                "tmp": [
                    [
                        {
                            "id": "condition",
                            "alignment": "alignment"
                        },
                        [
                            "2025-11-25-20_43_30_354688_read_outcomes_by_bam.txt:md5,19695d346f19bc2516c53538f7def9ea",
                            "b1.txt:md5,9855fc1c5fc0e4e1b338545d0da14e65",
                            "condition_2025-11-25-20_43_30_354688_0.rmats:md5,fda21d38c500aa7aa741ff9b4cfff409",
                            "rmats.log:md5,3e996d7a6628fcf8d6caf6fb3302957f"
                        ]
                    ]
                ],
                "versions": [
                    "versions.yml:md5,42d2e92287754f8178de34dc4e61c126"
                ]
            }
        ],
        "meta": {
            "nf-test": "0.9.3",
            "nextflow": "25.04.3"
        },
        "timestamp": "2025-11-25T21:43:32.504312"
    }
}